// Jest Snapshot v1, https://goo.gl/fbAQLP

exports[`A product compoment renders ZX3 Printer with price $400 and last pieces in stock 1`] = `
<div
  className="sc-bdVaJa gDmiUu"
>
  <h2
    className="sc-bwzfXH gyKPGc"
  >
    Printer
     
    ZX3
  </h2>
  <div
    className="sc-htpNat laTiSR"
  >
    <span
      className="sc-bxivhb hlixEs"
    >
      Price per unit:
    </span>
     $
    400
  </div>
  <div
    className="sc-htpNat laTiSR"
  >
    <span
      className="sc-bxivhb hlixEs"
    >
      In stock:
    </span>
     
    last pieces
  </div>
  <label
    className="sc-bxivhb sc-ifAKCX jCMYwx"
    htmlFor="amount-product-1"
  >
    Amount of items to order:
  </label>
  <input
    className="sc-EHOje jTIRCN"
    id="amount-product-1"
    name="amount"
    onChange={[Function]}
    type="number"
    value={1}
  />
  <div
    className="sc-htpNat laTiSR"
  >
    <span
      className="sc-bxivhb hlixEs"
    >
      Price:
    </span>
     $
    400
  </div>
  <button
    className="sc-bZQynM hxtQYt"
    disabled={false}
    onClick={[Function]}
  >
    Add to cart
  </button>
</div>
`;
